"HW\tManufacturer\tModel\tVersion\tS/N"
"ne\t\tsdn-inline\t\t"
"ne:ctrl\t\t\t\t1E70C61C941000512022A000A0000090"
"ne:ctrl:carrier\t\tClearFog Base\t\t"
"ne:ctrl:carrier:eeprom\t\t\t\t294100B13DA3"
"ne:ctrl:emmc\t\t8GTF4R\t\t0xc9488d8a"
"ne:ctrl:som\t\tClearFog A388 SOM\t\t"
"ne:ctrl:som:eeprom\t\t\t\t801F12C6CC39"
"ne:edfa\t\tDUAL FIXED GAIN\t1.0.1\t484118"
"ne:fans\t\t\t\t1290C00806A200918440A000A000005C"
"ne:pdu\t3Y POWER\tYH-5151E (URP1X151AH)\tB01R P2J700A01 A14\tSA140T302044001013"
"ne:psu2\t3Y POWER\tYM-2151F (URP1X151DM)\tBR   P20000A00 B09\tSB090S512343000017"
"ne:voa-sw\t\t\t\t1290C00806A200911021A000A00000C9"
