"\tResource\tSeverity\tDetail\tLast raised\tStatus"
"\u001b[31;1m⏷\u001b[0m\t\u001b[31;1mne:psu2:voltage-12V\u001b[0m\t\u001b[31;1mcritical\u001b[0m\t\u001b[31;1mSensor value crossed low threshold (0 < 11300).\u001b[0m\t\u001b[31;1m2024-10-16T15:44:51.860986472+00:00\u001b[0m\t\u001b[31;1mactive\u001b[0m"
"\u001b[31;1m⏷\u001b[0m\t\u001b[31;1mne:psu2:voltage-5Vsb\u001b[0m\t\u001b[31;1mcritical\u001b[0m\t\u001b[31;1mSensor value crossed low threshold (0 < 4600).\u001b[0m\t\u001b[31;1m2024-10-16T15:43:29.681984164+00:00\u001b[0m\t\u001b[31;1mactive\u001b[0m"
"\u001b[31;1m⏶\u001b[0m\t\u001b[31;1mne:psu2:voltage-5Vsb\u001b[0m\t\u001b[31;1mcritical\u001b[0m\t\u001b[31;1mSensor value crossed high threshold (53248000 > 5400).\u001b[0m\t\u001b[31;1m2024-10-16T15:46:12.835583822+00:00\u001b[0m\t\u001b[31;1mactive\u001b[0m"
"\u001b[33;1m⏶\u001b[0m\t\u001b[33;1mne:psu1:voltage-5Vsb\u001b[0m\t\u001b[33;1mwarning\u001b[0m\t\u001b[33;1mSensor value crossed high threshold (11988 > 5400).\u001b[0m\t\u001b[33;1m2024-10-16T15:53:17.455473252+00:00\u001b[0m\t\u001b[33;1mactive\u001b[0m"
