"\tResource\tSeverity\tDetail\tLast raised\tStatus"
"\u001b[31;1m⏷\u001b[0m\t\u001b[31;1mne:psu2:voltage-12V\u001b[0m\t\u001b[31;1mcritical\u001b[0m\t\u001b[31;1mSensor value crossed low threshold (0 < 11300).\u001b[0m\t\u001b[31;1m2024-10-16T15:44:51.860986472+00:00\u001b[0m\t\u001b[31;1mactive\u001b[0m"
"\u001b[31;1m⏷\u001b[0m\t\u001b[31;1mne:psu2:voltage-5Vsb\u001b[0m\t\u001b[31;1mcritical\u001b[0m\t\u001b[31;1mSensor value crossed low threshold (0 < 4600).\u001b[0m\t\u001b[31;1m2024-10-16T15:43:29.681984164+00:00\u001b[0m\t\u001b[31;1mactive\u001b[0m"
"\u001b[31;1m⏷\u001b[0m\t\u001b[31;1mne:psu2:voltage-in\u001b[0m\t\u001b[31;1mcritical\u001b[0m\t\u001b[31;1mSensor value crossed low threshold (0 < 90000).\u001b[0m\t\u001b[31;1m1980-01-01T00:00:11.951295922+00:00\u001b[0m\t\u001b[31;1mactive\u001b[0m"
"⏶\tne:psu2:voltage-12V\tcritical\tSensor value is within normal parameters.\t2024-10-16T15:44:42.659951986+00:00\tcleared"
"\u001b[31;1m⏶\u001b[0m\t\u001b[31;1mne:psu2:voltage-5Vsb\u001b[0m\t\u001b[31;1mcritical\u001b[0m\t\u001b[31;1mSensor value crossed high threshold (53248000 > 5400).\u001b[0m\t\u001b[31;1m2024-10-16T15:46:12.835583822+00:00\u001b[0m\t\u001b[31;1mactive\u001b[0m"
"\u001b[31;1m⏶\u001b[0m\t\u001b[31;1mne:psu1:voltage-5Vsb\u001b[0m\t\u001b[31;1mcritical\u001b[0m\t\u001b[31;1mSensor value crossed high threshold (11988 > 5400).\u001b[0m\t\u001b[31;1m2024-10-16T15:53:17.455473252+00:00\u001b[0m\t\u001b[31;1mactive\u001b[0m"
"⏸\tcla-sdn-inline.service\tcritical\tsystemd unit state: (activating, auto-restart-queued)\t2024-10-16T13:44:50.866721368+00:00\tcleared"
"⏷\tne:psu1:voltage-12V\tcritical\tSensor value is within normal parameters.\t2024-10-16T15:23:43.628416544+00:00\tcleared"
