"\tResource\tSeverity\tDetail\tTimestamp\tStatus"
"\u001b[31;1m⏷\u001b[0m\t\u001b[31;1mne:psu2:voltage-12V\u001b[0m\t\u001b[31;1mcritical\u001b[0m\t\u001b[31;1mSensor value crossed low threshold (0 < 11300).\u001b[0m\t\u001b[31;1m2024-10-16T15:44:51.860986472+00:00\u001b[0m\t\u001b[31;1mactive\u001b[0m"
" \t\tcleared\tSensor value is within normal parameters.\t2024-10-16T15:42:11.123456789+00:00\t"
"\u001b[31;1m⏷\u001b[0m\t\u001b[31;1mne:psu2:voltage-5Vsb\u001b[0m\t\u001b[31;1mcritical\u001b[0m\t\u001b[31;1mSensor value crossed low threshold (0 < 4600).\u001b[0m\t\u001b[31;1m2024-10-16T15:43:29.681984164+00:00\u001b[0m\t\u001b[31;1mactive\u001b[0m"
"\u001b[31;1m⏷\u001b[0m\t\u001b[31;1mne:psu2:voltage-in\u001b[0m\t\u001b[31;1mcritical\u001b[0m\t\u001b[31;1mSensor value crossed low threshold (0 < 90000).\u001b[0m\t\u001b[31;1m1980-01-01T00:00:11.951295922+00:00\u001b[0m\t\u001b[31;1mactive\u001b[0m"
"\u001b[31;1m⏶\u001b[0m\t\u001b[31;1mne:psu2:voltage-5Vsb\u001b[0m\t\u001b[31;1mcritical\u001b[0m\t\u001b[31;1mSensor value crossed high threshold (53248000 > 5400).\u001b[0m\t\u001b[31;1m2024-10-16T15:46:12.835583822+00:00\u001b[0m\t\u001b[31;1mactive\u001b[0m"
"\u001b[33;1m⏶\u001b[0m\t\u001b[33;1mne:psu1:voltage-5Vsb\u001b[0m\t\u001b[33;1mcritical\u001b[0m\t\u001b[33;1mSensor value crossed high threshold (11988 > 5400).\u001b[0m\t\u001b[33;1m2024-10-16T15:53:17.455473252+00:00\u001b[0m\t\u001b[33;1mactive\u001b[0m"
"⏶\tne:psu2:voltage-12V\tcleared\tSensor value is within normal parameters.\t2024-10-16T15:52:56.916417975+00:00\tcleared"
" \t\tcritical\tSensor value crossed high threshold (0 > 11300).\t2024-10-16T15:44:42.659951986+00:00\t"
"⏸\tcla-sdn-inline.service\tcleared\tsystemd unit state: (active, running)\t2024-10-16T13:44:33.123368627+00:00\tcleared"
" \t\tcritical\tsystemd unit state: (activating, auto-restart-queued)\t2024-10-16T13:44:32.123721368+00:00\t"
"⏷\tne:psu1:voltage-12V\tcleared\tSensor value is within normal parameters.\t2024-10-16T15:23:50.162103817+00:00\tcleared"
" \t\tcritical\tSensor value crossed low threshold (0 < 11300).\t2024-10-16T15:23:43.628416544+00:00\t"
