"\tResource\tSeverity\tDetail\tTimestamp\tStatus"
"\u001b[31;1m⏶\u001b[0m\t\u001b[31;1mne:psu1:voltage-12V\u001b[0m\t\u001b[31;1mcritical\u001b[0m\t\u001b[31;1mSensor value crossed high threshold (6148000 > 13230).\u001b[0m\t\u001b[31;1m2025-03-06T13:28:53.541504017+00:00\u001b[0m\t\u001b[31;1mactive\u001b[0m"
" \t\tcritical\tSensor value crossed high threshold (6158000 > 13230).\t2025-03-06T13:32:18.680581427+00:00\t"
"\u001b[31;1m⏷\u001b[0m\t\u001b[31;1mne:psu2:fan:fan1:rpm\u001b[0m\t\u001b[31;1mcritical\u001b[0m\t\u001b[31;1mSensor value crossed low threshold (0 < 1500).\u001b[0m\t\u001b[31;1m2025-03-06T13:28:53.634612590+00:00\u001b[0m\t\u001b[31;1mactive\u001b[0m"
"\u001b[31;1m⏷\u001b[0m\t\u001b[31;1mne:psu2:voltage-12V\u001b[0m\t\u001b[31;1mcleared\u001b[0m\t\u001b[31;1mSensor value is within normal parameters.\u001b[0m\t\u001b[31;1m2025-03-06T13:34:23.688931332+00:00\u001b[0m\t\u001b[31;1mactive\u001b[0m"
" \t\tcritical\tSensor value crossed low threshold (0 < 10830).\t2025-03-06T13:44:24.492637936+00:00\t"
" \t\tcleared\tSensor value is within normal parameters.\t2025-03-06T13:44:22.401027429+00:00\t"
" \t\tcritical\tSensor value crossed low threshold (0 < 10830).\t2025-03-06T13:44:02.952452784+00:00\t"
" \t\tcleared\tSensor value is within normal parameters.\t2025-03-06T13:44:00.842374103+00:00\t"
" \t\tcritical\tSensor value crossed low threshold (0 < 10830).\t2025-03-06T13:42:27.478613194+00:00\t"
" \t\tcleared\tSensor value is within normal parameters.\t2025-03-06T13:42:25.435967799+00:00\t"
" \t\tcritical\tSensor value crossed low threshold (0 < 10830).\t2025-03-06T13:37:16.672893791+00:00\t"
" \t\tcleared\tSensor value is within normal parameters.\t2025-03-06T13:37:14.432530149+00:00\t"
" \t\tcritical\tSensor value crossed low threshold (0 < 10830).\t2025-03-06T13:34:43.503128041+00:00\t"
" \t\tcleared\tSensor value is within normal parameters.\t2025-03-06T13:34:41.491139763+00:00\t"
" \t\tcritical\tSensor value crossed low threshold (0 < 10830).\t2025-03-06T13:34:25.692803392+00:00\t"
" \t\tcritical\tSensor value crossed low threshold (0 < 10830).\t2025-03-06T13:34:19.232440019+00:00\t"
" \t\tcleared\tSensor value is within normal parameters.\t2025-03-06T13:34:17.223699268+00:00\t"
" \t\tcritical\tSensor value crossed low threshold (0 < 10830).\t2025-03-06T13:31:20.925720095+00:00\t"
" \t\tcleared\tSensor value is within normal parameters.\t2025-03-06T13:31:18.921365310+00:00\t"
" \t\tcritical\tSensor value crossed low threshold (0 < 10830).\t2025-03-06T13:30:40.200116803+00:00\t"
" \t\tcleared\tSensor value is within normal parameters.\t2025-03-06T13:30:38.214404551+00:00\t"
" \t\tcritical\tSensor value crossed low threshold (0 < 10830).\t2025-03-06T13:29:19.283995675+00:00\t"
" \t\tcleared\tSensor value is within normal parameters.\t2025-03-06T13:29:17.308225758+00:00\t"
" \t\tcritical\tSensor value crossed low threshold (0 < 10830).\t2025-03-06T13:29:13.092123988+00:00\t"
" \t\tcleared\tSensor value is within normal parameters.\t2025-03-06T13:29:11.140314731+00:00\t"
" \t\tcritical\tSensor value crossed low threshold (0 < 10830).\t2025-03-06T13:28:53.682570573+00:00\t"
"\u001b[31;1m⏷\u001b[0m\t\u001b[31;1mne:psu2:voltage-5Vsb\u001b[0m\t\u001b[31;1mcritical\u001b[0m\t\u001b[31;1mSensor value crossed low threshold (0 < 4512).\u001b[0m\t\u001b[31;1m2025-03-06T13:28:53.731743486+00:00\u001b[0m\t\u001b[31;1mactive\u001b[0m"
"\u001b[31;1m⏷\u001b[0m\t\u001b[31;1mne:psu2:voltage-in\u001b[0m\t\u001b[31;1mcritical\u001b[0m\t\u001b[31;1mSensor value crossed low threshold (0 < 36000).\u001b[0m\t\u001b[31;1m2025-03-06T13:28:53.782980268+00:00\u001b[0m\t\u001b[31;1mactive\u001b[0m"
"⏸\tvelia-hardware-g2.service\tcritical\tsystemd unit state: (failed, failed-before-auto-restart)\t2025-03-06T13:32:14.570129489+00:00\tcleared"
" \t\tcleared\tsystemd unit state: (activating, auto-restart-queued)\t2025-03-06T13:32:16.820815209+00:00\t"
" \t\tcritical\tsystemd unit state: (activating, auto-restart)\t2025-03-06T13:32:14.643206999+00:00\t"
" \t\tcleared\tsystemd unit state: (activating, auto-restart-queued)\t2025-03-06T13:28:51.941922836+00:00\t"
" \t\tcritical\tsystemd unit state: (activating, auto-restart)\t2025-03-06T13:28:47.582565992+00:00\t"
"⏸\tcla-sdn-bidi-cplus1572.service\tcritical\tsystemd unit state: (failed, failed-before-auto-restart)\t2025-03-06T13:44:39.676787900+00:00\tcleared"
" \t\tcleared\tsystemd unit state: (activating, auto-restart-queued)\t2025-03-06T13:45:17.424592315+00:00\t"
" \t\tcritical\tsystemd unit state: (activating, auto-restart)\t2025-03-06T13:45:17.316677162+00:00\t"
" \t\tcritical\tsystemd unit state: (failed, failed-before-auto-restart)\t2025-03-06T13:45:17.209319170+00:00\t"
" \t\tcleared\tsystemd unit state: (activating, auto-restart-queued)\t2025-03-06T13:45:11.175566882+00:00\t"
" \t\tcritical\tsystemd unit state: (activating, auto-restart)\t2025-03-06T13:45:11.102867529+00:00\t"
" \t\tcritical\tsystemd unit state: (failed, failed-before-auto-restart)\t2025-03-06T13:45:10.995760536+00:00\t"
" \t\tcleared\tsystemd unit state: (activating, auto-restart-queued)\t2025-03-06T13:45:05.292696009+00:00\t"
" \t\tcritical\tsystemd unit state: (activating, auto-restart)\t2025-03-06T13:45:05.222248312+00:00\t"
" \t\tcritical\tsystemd unit state: (failed, failed-before-auto-restart)\t2025-03-06T13:45:05.073907699+00:00\t"
" \t\tcleared\tsystemd unit state: (activating, auto-restart-queued)\t2025-03-06T13:44:58.927508260+00:00\t"
" \t\tcritical\tsystemd unit state: (activating, auto-restart)\t2025-03-06T13:44:58.726438404+00:00\t"
" \t\tcritical\tsystemd unit state: (failed, failed-before-auto-restart)\t2025-03-06T13:44:58.615833431+00:00\t"
" \t\tcleared\tsystemd unit state: (activating, auto-restart-queued)\t2025-03-06T13:44:52.593963870+00:00\t"
" \t\tcritical\tsystemd unit state: (activating, auto-restart)\t2025-03-06T13:44:52.333882296+00:00\t"
" \t\tcritical\tsystemd unit state: (failed, failed-before-auto-restart)\t2025-03-06T13:44:52.208416750+00:00\t"
" \t\tcleared\tsystemd unit state: (activating, auto-restart-queued)\t2025-03-06T13:44:46.180271060+00:00\t"
" \t\tcritical\tsystemd unit state: (activating, auto-restart)\t2025-03-06T13:44:46.016851176+00:00\t"
" \t\tcritical\tsystemd unit state: (failed, failed-before-auto-restart)\t2025-03-06T13:44:45.906643365+00:00\t"
" \t\tcleared\tsystemd unit state: (activating, auto-restart-queued)\t2025-03-06T13:44:39.927038779+00:00\t"
" \t\tcritical\tsystemd unit state: (activating, auto-restart)\t2025-03-06T13:44:39.785371828+00:00\t"
" \t\tcleared\tsystemd unit state: (activating, auto-restart-queued)\t2025-03-06T13:44:33.671590565+00:00\t"
" \t\tcritical\tsystemd unit state: (activating, auto-restart)\t2025-03-06T13:44:33.603340838+00:00\t"
" \t\tcritical\tsystemd unit state: (failed, failed-before-auto-restart)\t2025-03-06T13:44:33.496284469+00:00\t"
" \t\tcleared\tsystemd unit state: (activating, auto-restart-queued)\t2025-03-06T13:44:28.833913946+00:00\t"
" \t\tcritical\tsystemd unit state: (activating, auto-restart)\t2025-03-06T13:44:27.462500771+00:00\t"
" \t\tcritical\tsystemd unit state: (failed, failed-before-auto-restart)\t2025-03-06T13:44:27.318197175+00:00\t"
" \t\tcleared\tsystemd unit state: (activating, auto-restart-queued)\t2025-03-06T13:44:20.947813235+00:00\t"
" \t\tcritical\tsystemd unit state: (activating, auto-restart)\t2025-03-06T13:44:20.859464644+00:00\t"
" \t\tcritical\tsystemd unit state: (failed, failed-before-auto-restart)\t2025-03-06T13:44:20.731403932+00:00\t"
" \t\tcleared\tsystemd unit state: (activating, auto-restart-queued)\t2025-03-06T13:44:12.929447299+00:00\t"
" \t\tcritical\tsystemd unit state: (activating, auto-restart)\t2025-03-06T13:44:12.820038245+00:00\t"
"⏶\tne:psu2:voltage-12V\tcleared\tSensor value is within normal parameters.\t2025-03-06T13:30:40.276580198+00:00\tcleared"
" \t\tcleared\tSensor value is within normal parameters.\t2025-03-06T13:44:24.607261965+00:00\t"
" \t\tcritical\tSensor value crossed high threshold (114000 > 13230).\t2025-03-06T13:44:22.283632281+00:00\t"
" \t\tcleared\tSensor value is within normal parameters.\t2025-03-06T13:44:03.066048030+00:00\t"
" \t\tcritical\tSensor value crossed high threshold (114000 > 13230).\t2025-03-06T13:44:00.738037906+00:00\t"
" \t\tcleared\tSensor value is within normal parameters.\t2025-03-06T13:42:27.577238449+00:00\t"
" \t\tcritical\tSensor value crossed high threshold (114000 > 13230).\t2025-03-06T13:42:25.340152956+00:00\t"
" \t\tcleared\tSensor value is within normal parameters.\t2025-03-06T13:37:16.881742457+00:00\t"
" \t\tcritical\tSensor value crossed high threshold (114000 > 13230).\t2025-03-06T13:37:14.343177580+00:00\t"
" \t\tcleared\tSensor value is within normal parameters.\t2025-03-06T13:34:43.592437702+00:00\t"
" \t\tcritical\tSensor value crossed high threshold (114000 > 13230).\t2025-03-06T13:34:41.405927352+00:00\t"
" \t\tcleared\tSensor value is within normal parameters.\t2025-03-06T13:34:25.777244844+00:00\t"
" \t\tcritical\tSensor value crossed high threshold (114000 > 13230).\t2025-03-06T13:34:23.604090024+00:00\t"
" \t\tcleared\tSensor value is within normal parameters.\t2025-03-06T13:34:19.316541428+00:00\t"
" \t\tcritical\tSensor value crossed high threshold (114000 > 13230).\t2025-03-06T13:32:03.666892194+00:00\t"
" \t\tcleared\tSensor value is within normal parameters.\t2025-03-06T13:31:21.002412820+00:00\t"
" \t\tcritical\tSensor value crossed high threshold (114000 > 13230).\t2025-03-06T13:31:18.842170304+00:00\t"
" \t\tcritical\tSensor value crossed high threshold (114000 > 13230).\t2025-03-06T13:30:38.139596236+00:00\t"
" \t\tcleared\tSensor value is within normal parameters.\t2025-03-06T13:29:19.348424931+00:00\t"
" \t\tcritical\tSensor value crossed high threshold (114000 > 13230).\t2025-03-06T13:29:17.244323493+00:00\t"
" \t\tcleared\tSensor value is within normal parameters.\t2025-03-06T13:29:13.153055538+00:00\t"
" \t\tcritical\tSensor value crossed high threshold (114000 > 13230).\t2025-03-06T13:29:11.080850585+00:00\t"
